Error() [with int ROW = 2; int COL = 10; WHAT = spt::Invalid_syntax_in_if_tag]':
