Error() [with int ROW = 2; int COL = 17; WHAT = spt::Invalid_syntax_in_for_tag]':
