Error() [with int ROW = 2; int COL = 29; WHAT = spt::Infinite_loop_in_for_tag]':
