Error() [with int ROW = 4; int COL = 1; WHAT = spt::Unexpected_end_of_stream]':
